- 127.0.0.1  - [15/Jan/2019:10:12:24 +0100] "- - " 500 - "-" "-"
- 127.0.0.1 - - [15/Jan/2019:10:12:24 +0100] "POST /calculator/1.0.0/add?intA=4&intB=10 HTTP/1.1" - 73 "-" "Apache-HttpClient/4.1.1 (java 1.5)"
- 127.0.0.1 - - [15/Jan/2019:11:04:22 +0100] "POST /calculator/1.0.0/add?intA=4&intB=10 HTTP/1.1" - 73 "-" "Apache-HttpClient/4.1.1 (java 1.5)"
- 127.0.0.1  - [15/Jan/2019:11:04:22 +0100] "- - " 500 - "-" "-"
- 127.0.0.1  - [15/Jan/2019:11:25:41 +0100] "- - " 401 - "-" "-"
- 127.0.0.1 - - [15/Jan/2019:11:25:41 +0100] "POST /calculator/1.0.0/add?intA=4&intB=10 HTTP/1.1" - 73 "-" "Apache-HttpClient/4.1.1 (java 1.5)"
- 127.0.0.1 - - [15/Jan/2019:11:28:32 +0100] "POST /calculator/1.0.0/add?intA=4&intB=10 HTTP/1.1" - 73 "-" "Apache-HttpClient/4.1.1 (java 1.5)"
- 45.40.165.23  - [15/Jan/2019:11:28:32 +0100] "- - " 500 - "-" "-"
- 45.40.165.23 - - [15/Jan/2019:11:28:32 +0100] "POST /calculator.asmx/add?intA=4&intB=10 HTTP/1.1" - - "-" "Synapse-PT-HttpComponents-NIO"
- 127.0.0.1  - [15/Jan/2019:11:28:32 +0100] "- - " 500 - "-" "-"
- 127.0.0.1 - - [15/Jan/2019:11:29:14 +0100] "POST /calculator/1.0.1/add?intA=4&intB=10 HTTP/1.1" - 73 "-" "Apache-HttpClient/4.1.1 (java 1.5)"
- 45.40.165.23  - [15/Jan/2019:11:29:14 +0100] "- - " 500 - "-" "-"
- 45.40.165.23 - - [15/Jan/2019:11:29:14 +0100] "POST /calculator.asmx/add?intA=4&intB=10 HTTP/1.1" - - "-" "Synapse-PT-HttpComponents-NIO"
- 127.0.0.1 - - [15/Jan/2019:11:29:26 +0100] "POST /calculator/1.0.1/Add?intA=4&intB=10 HTTP/1.1" - 73 "-" "Apache-HttpClient/4.1.1 (java 1.5)"
- 127.0.0.1  - [15/Jan/2019:11:29:14 +0100] "- - " 500 - "-" "-"
- 45.40.165.23 - - [15/Jan/2019:11:29:26 +0100] "POST /calculator.asmx/Add?intA=4&intB=10 HTTP/1.1" - - "-" "Synapse-PT-HttpComponents-NIO"
- 45.40.165.23  - [15/Jan/2019:11:29:26 +0100] "- - " 500 - "-" "-"
- 127.0.0.1  - [15/Jan/2019:11:29:26 +0100] "- - " 500 - "-" "-"
- 127.0.0.1 - - [15/Jan/2019:11:29:49 +0100] "OPTIONS /calculator/1.0.1/* HTTP/1.1" - - "https://localhost:9446/store/apis/info?name=apiCalculator&version=1.0.1&provider=WSO2.ORG%2Fadmin" "Mozilla/5.0 (Macintosh; Intel Mac OS X 10_14_2) AppleWebKit/605.1.15 (KHTML, like Gecko) Version/12.0.2 Safari/605.1.15"
- 127.0.0.1  - [15/Jan/2019:11:29:49 +0100] "- - " 200 - "-" "-"
- 127.0.0.1 - - [15/Jan/2019:11:29:49 +0100] "POST /calculator/1.0.1/* HTTP/1.1" - 73 "https://localhost:9446/store/apis/info?name=apiCalculator&version=1.0.1&provider=WSO2.ORG%2Fadmin" "Mozilla/5.0 (Macintosh; Intel Mac OS X 10_14_2) AppleWebKit/605.1.15 (KHTML, like Gecko) Version/12.0.2 Safari/605.1.15"
- 45.40.165.23 - - [15/Jan/2019:11:29:49 +0100] "POST /calculator.asmx HTTP/1.1" - - "https://localhost:9446/store/apis/info?name=apiCalculator&version=1.0.1&provider=WSO2.ORG%2Fadmin" "Synapse-PT-HttpComponents-NIO"
- 45.40.165.23  - [15/Jan/2019:11:29:49 +0100] "- - " 500 - "-" "-"
- 127.0.0.1  - [15/Jan/2019:11:29:49 +0100] "- - " 500 - "-" "-"
- 127.0.0.1 - - [15/Jan/2019:11:30:30 +0100] "OPTIONS /calculator/1.0.1/* HTTP/1.1" - - "https://localhost:9446/store/apis/info?name=apiCalculator&version=1.0.1&provider=WSO2.ORG%2Fadmin" "Mozilla/5.0 (Macintosh; Intel Mac OS X 10_14_2) AppleWebKit/605.1.15 (KHTML, like Gecko) Version/12.0.2 Safari/605.1.15"
- 127.0.0.1  - [15/Jan/2019:11:30:30 +0100] "- - " 200 - "-" "-"
- 127.0.0.1 - - [15/Jan/2019:11:30:30 +0100] "POST /calculator/1.0.1/* HTTP/1.1" - 73 "https://localhost:9446/store/apis/info?name=apiCalculator&version=1.0.1&provider=WSO2.ORG%2Fadmin" "Mozilla/5.0 (Macintosh; Intel Mac OS X 10_14_2) AppleWebKit/605.1.15 (KHTML, like Gecko) Version/12.0.2 Safari/605.1.15"
- 45.40.165.23 - - [15/Jan/2019:11:30:30 +0100] "POST /calculator.asmx HTTP/1.1" - - "https://localhost:9446/store/apis/info?name=apiCalculator&version=1.0.1&provider=WSO2.ORG%2Fadmin" "Synapse-PT-HttpComponents-NIO"
- 45.40.165.23  - [15/Jan/2019:11:30:30 +0100] "- - " 500 - "-" "-"
- 127.0.0.1  - [15/Jan/2019:11:30:30 +0100] "- - " 500 - "-" "-"
- 127.0.0.1 - - [15/Jan/2019:11:31:03 +0100] "POST /calculator/1.0.1/Add?intA=4&intB=10 HTTP/1.1" - 263 "-" "Apache-HttpClient/4.1.1 (java 1.5)"
- 45.40.165.23  - [15/Jan/2019:11:31:03 +0100] "- - " 500 - "-" "-"
- 45.40.165.23 - - [15/Jan/2019:11:31:03 +0100] "POST /calculator.asmx/Add?intA=4&intB=10 HTTP/1.1" - - "-" "Synapse-PT-HttpComponents-NIO"
- 127.0.0.1 - - [15/Jan/2019:11:31:09 +0100] "OPTIONS /calculator/1.0.1/* HTTP/1.1" - - "https://localhost:9446/store/apis/info?name=apiCalculator&version=1.0.1&provider=WSO2.ORG%2Fadmin" "Mozilla/5.0 (Macintosh; Intel Mac OS X 10_14_2) AppleWebKit/605.1.15 (KHTML, like Gecko) Version/12.0.2 Safari/605.1.15"
- 127.0.0.1 - - [15/Jan/2019:11:31:09 +0100] "POST /calculator/1.0.1/* HTTP/1.1" - 263 "https://localhost:9446/store/apis/info?name=apiCalculator&version=1.0.1&provider=WSO2.ORG%2Fadmin" "Mozilla/5.0 (Macintosh; Intel Mac OS X 10_14_2) AppleWebKit/605.1.15 (KHTML, like Gecko) Version/12.0.2 Safari/605.1.15"
- 127.0.0.1  - [15/Jan/2019:11:31:03 +0100] "- - " 500 - "-" "-"
- 45.40.165.23 - - [15/Jan/2019:11:31:09 +0100] "POST /calculator.asmx HTTP/1.1" - - "https://localhost:9446/store/apis/info?name=apiCalculator&version=1.0.1&provider=WSO2.ORG%2Fadmin" "Synapse-PT-HttpComponents-NIO"
- 127.0.0.1  - [15/Jan/2019:11:31:09 +0100] "- - " 200 - "-" "-"
- 45.40.165.23  - [15/Jan/2019:11:31:09 +0100] "- - " 200 - "-" "-"
- 127.0.0.1  - [15/Jan/2019:11:31:09 +0100] "- - " 200 - "-" "-"
- 127.0.0.1 - - [15/Jan/2019:11:31:53 +0100] "POST /calculator/1.0.1/Add?intA=4&intB=10 HTTP/1.1" - 263 "-" "Apache-HttpClient/4.1.1 (java 1.5)"
- 45.40.165.23  - [15/Jan/2019:11:31:53 +0100] "- - " 500 - "-" "-"
- 45.40.165.23 - - [15/Jan/2019:11:31:53 +0100] "POST /calculator.asmx/Add?intA=4&intB=10 HTTP/1.1" - - "-" "Synapse-PT-HttpComponents-NIO"
- 127.0.0.1  - [15/Jan/2019:11:31:53 +0100] "- - " 500 - "-" "-"
- 127.0.0.1 - - [15/Jan/2019:11:33:43 +0100] "POST /calculator/1.0.1/*?intA=4&intB=10 HTTP/1.1" - 263 "-" "Apache-HttpClient/4.1.1 (java 1.5)"
- 45.40.165.23  - [15/Jan/2019:11:33:43 +0100] "- - " 400 - "-" "-"
- 45.40.165.23 - - [15/Jan/2019:11:33:43 +0100] "POST /calculator.asmx/*?intA=4&intB=10 HTTP/1.1" - - "-" "Synapse-PT-HttpComponents-NIO"
- 127.0.0.1 - - [15/Jan/2019:11:33:56 +0100] "POST /calculator/1.0.1/Add?intA=4&intB=10 HTTP/1.1" - 263 "-" "Apache-HttpClient/4.1.1 (java 1.5)"
- 127.0.0.1  - [15/Jan/2019:11:33:43 +0100] "- - " 400 - "-" "-"
- 45.40.165.23 - - [15/Jan/2019:11:33:56 +0100] "POST /calculator.asmx/Add?intA=4&intB=10 HTTP/1.1" - - "-" "Synapse-PT-HttpComponents-NIO"
- 45.40.165.23  - [15/Jan/2019:11:33:56 +0100] "- - " 500 - "-" "-"
- 127.0.0.1  - [15/Jan/2019:11:33:56 +0100] "- - " 500 - "-" "-"
- 127.0.0.1 - - [15/Jan/2019:11:36:23 +0100] "POST /calculator/1.0.1/Add HTTP/1.1" - 263 "-" "Apache-HttpClient/4.1.1 (java 1.5)"
- 45.40.165.23 - - [15/Jan/2019:11:36:23 +0100] "POST /calculator.asmx/Add HTTP/1.1" - - "-" "Synapse-PT-HttpComponents-NIO"
- 45.40.165.23  - [15/Jan/2019:11:36:23 +0100] "- - " 500 - "-" "-"
- 127.0.0.1  - [15/Jan/2019:11:36:23 +0100] "- - " 500 - "-" "-"
- 127.0.0.1 - - [15/Jan/2019:11:37:37 +0100] "POST /calculator/1.0.1/* HTTP/1.1" - 263 "-" "Apache-HttpClient/4.1.1 (java 1.5)"
- 45.40.165.23  - [15/Jan/2019:11:37:37 +0100] "- - " 400 - "-" "-"
- 45.40.165.23 - - [15/Jan/2019:11:37:37 +0100] "POST /calculator.asmx/* HTTP/1.1" - - "-" "Synapse-PT-HttpComponents-NIO"
- 127.0.0.1  - [15/Jan/2019:11:37:37 +0100] "- - " 400 - "-" "-"
- 127.0.0.1 - - [15/Jan/2019:11:37:49 +0100] "POST /calculator/1.0.1/* HTTP/1.1" - 263 "-" "Apache-HttpClient/4.1.1 (java 1.5)"
- 45.40.165.23 - - [15/Jan/2019:11:37:49 +0100] "POST /calculator.asmx HTTP/1.1" - - "-" "Synapse-PT-HttpComponents-NIO"
- 45.40.165.23  - [15/Jan/2019:11:37:49 +0100] "- - " 200 - "-" "-"
- 127.0.0.1  - [15/Jan/2019:11:37:49 +0100] "- - " 200 - "-" "-"
127.0.0.1 - - [15/Jan/2019:11:40:50 +0100] "POST /services/AuthenticationAdmin HTTP/1.1" 200 299 "-" "Axis2"
127.0.0.1 - - [15/Jan/2019:11:40:50 +0100] "POST /services/APIGatewayAdmin HTTP/1.1" 200 2107 "-" "Axis2"
127.0.0.1 - - [15/Jan/2019:11:40:50 +0100] "POST /services/AuthenticationAdmin HTTP/1.1" 200 299 "-" "Axis2"
127.0.0.1 - - [15/Jan/2019:11:40:50 +0100] "POST /services/APIGatewayAdmin HTTP/1.1" 200 2107 "-" "Axis2"
127.0.0.1 - - [15/Jan/2019:11:40:50 +0100] "POST /services/APIGatewayAdmin HTTP/1.1" 202 5 "-" "Axis2"
127.0.0.1 - - [15/Jan/2019:11:40:50 +0100] "POST /services/AuthenticationAdmin HTTP/1.1" 200 299 "-" "Axis2"
127.0.0.1 - - [15/Jan/2019:11:40:50 +0100] "POST /services/APIAuthenticationService HTTP/1.1" 202 5 "-" "Axis2"
127.0.0.1 - - [15/Jan/2019:11:41:04 +0100] "POST /services/AuthenticationAdmin HTTP/1.1" 200 299 "-" "Axis2"
127.0.0.1 - - [15/Jan/2019:11:41:04 +0100] "POST /services/APIGatewayAdmin HTTP/1.1" 200 2107 "-" "Axis2"
127.0.0.1 - - [15/Jan/2019:11:41:04 +0100] "POST /services/AuthenticationAdmin HTTP/1.1" 200 299 "-" "Axis2"
127.0.0.1 - - [15/Jan/2019:11:41:04 +0100] "POST /services/APIGatewayAdmin HTTP/1.1" 200 2107 "-" "Axis2"
127.0.0.1 - - [15/Jan/2019:11:41:04 +0100] "POST /services/APIGatewayAdmin HTTP/1.1" 202 5 "-" "Axis2"
127.0.0.1 - - [15/Jan/2019:11:41:04 +0100] "POST /services/AuthenticationAdmin HTTP/1.1" 200 299 "-" "Axis2"
127.0.0.1 - - [15/Jan/2019:11:41:04 +0100] "POST /services/APIAuthenticationService HTTP/1.1" 202 5 "-" "Axis2"
127.0.0.1 - - [15/Jan/2019:11:41:14 +0100] "POST /services/AuthenticationAdmin HTTP/1.1" 200 299 "-" "Axis2"
127.0.0.1 - - [15/Jan/2019:11:41:14 +0100] "POST /services/APIGatewayAdmin HTTP/1.1" 200 2107 "-" "Axis2"
127.0.0.1 - - [15/Jan/2019:11:41:14 +0100] "POST /services/AuthenticationAdmin HTTP/1.1" 200 299 "-" "Axis2"
127.0.0.1 - - [15/Jan/2019:11:41:14 +0100] "POST /services/APIGatewayAdmin HTTP/1.1" 200 2107 "-" "Axis2"
127.0.0.1 - - [15/Jan/2019:11:41:14 +0100] "POST /services/APIGatewayAdmin HTTP/1.1" 202 5 "-" "Axis2"
127.0.0.1 - - [15/Jan/2019:11:41:14 +0100] "POST /services/AuthenticationAdmin HTTP/1.1" 200 299 "-" "Axis2"
127.0.0.1 - - [15/Jan/2019:11:41:14 +0100] "POST /services/APIAuthenticationService HTTP/1.1" 202 5 "-" "Axis2"
